C:/Users/dozav/Documents/GitHub/CUBLI_B-G431B-ESC1/CUBLI_motor_control/Src/mc_interface.c:77:13:MCI_ExecSpeedRamp	0	static
C:/Users/dozav/Documents/GitHub/CUBLI_B-G431B-ESC1/CUBLI_motor_control/Src/mc_interface.c:117:13:MCI_ExecSpeedRamp_F	8	static
C:/Users/dozav/Documents/GitHub/CUBLI_B-G431B-ESC1/CUBLI_motor_control/Src/mc_interface.c:157:13:MCI_ExecTorqueRamp	0	static
C:/Users/dozav/Documents/GitHub/CUBLI_B-G431B-ESC1/CUBLI_motor_control/Src/mc_interface.c:199:13:MCI_ExecTorqueRamp_F	8	static
C:/Users/dozav/Documents/GitHub/CUBLI_B-G431B-ESC1/CUBLI_motor_control/Src/mc_interface.c:231:13:MCI_SetCurrentReferences	8	static
C:/Users/dozav/Documents/GitHub/CUBLI_B-G431B-ESC1/CUBLI_motor_control/Src/mc_interface.c:267:13:MCI_SetCurrentReferences_F	24	static
C:/Users/dozav/Documents/GitHub/CUBLI_B-G431B-ESC1/CUBLI_motor_control/Src/mc_interface.c:471:13:MCI_GetCalibratedOffsetsMotor	8	static
C:/Users/dozav/Documents/GitHub/CUBLI_B-G431B-ESC1/CUBLI_motor_control/Src/mc_interface.c:652:13:MCI_FaultProcessing	0	static
C:/Users/dozav/Documents/GitHub/CUBLI_B-G431B-ESC1/CUBLI_motor_control/Src/mc_interface.c:677:13:MCI_SensorSwitch	0	static
C:/Users/dozav/Documents/GitHub/CUBLI_B-G431B-ESC1/CUBLI_motor_control/Src/mc_interface.c:706:13:MCI_SensorSet	0	static
C:/Users/dozav/Documents/GitHub/CUBLI_B-G431B-ESC1/CUBLI_motor_control/Src/mc_interface.c:737:13:MCI_ExecBufferedCommands	8	static
C:/Users/dozav/Documents/GitHub/CUBLI_B-G431B-ESC1/CUBLI_motor_control/Src/mc_interface.c:810:27:MCI_IsCommandAcknowledged	0	static
C:/Users/dozav/Documents/GitHub/CUBLI_B-G431B-ESC1/CUBLI_motor_control/Src/mc_interface.c:842:20:MCI_GetSTMState	0	static
C:/Users/dozav/Documents/GitHub/CUBLI_B-G431B-ESC1/CUBLI_motor_control/Src/mc_interface.c:863:17:MCI_GetOccurredFaults	0	static
C:/Users/dozav/Documents/GitHub/CUBLI_B-G431B-ESC1/CUBLI_motor_control/Src/mc_interface.c:883:17:MCI_GetCurrentFaults	0	static
C:/Users/dozav/Documents/GitHub/CUBLI_B-G431B-ESC1/CUBLI_motor_control/Src/mc_interface.c:321:13:MCI_StartMotor	8	static
C:/Users/dozav/Documents/GitHub/CUBLI_B-G431B-ESC1/CUBLI_motor_control/Src/mc_interface.c:383:13:MCI_StartWithPolarizationMotor	8	static
C:/Users/dozav/Documents/GitHub/CUBLI_B-G431B-ESC1/CUBLI_motor_control/Src/mc_interface.c:428:13:MCI_StartOffsetMeasurments	8	static
C:/Users/dozav/Documents/GitHub/CUBLI_B-G431B-ESC1/CUBLI_motor_control/Src/mc_interface.c:517:13:MCI_SetCalibratedOffsetsMotor	16	static
C:/Users/dozav/Documents/GitHub/CUBLI_B-G431B-ESC1/CUBLI_motor_control/Src/mc_interface.c:562:13:MCI_StopMotor	16	static
C:/Users/dozav/Documents/GitHub/CUBLI_B-G431B-ESC1/CUBLI_motor_control/Src/mc_interface.c:617:13:MCI_FaultAcknowledged	8	static
C:/Users/dozav/Documents/GitHub/CUBLI_B-G431B-ESC1/CUBLI_motor_control/Src/mc_interface.c:907:17:MCI_GetFaultState	0	static
C:/Users/dozav/Documents/GitHub/CUBLI_B-G431B-ESC1/CUBLI_motor_control/Src/mc_interface.c:932:25:MCI_GetControlMode	0	static
C:/Users/dozav/Documents/GitHub/CUBLI_B-G431B-ESC1/CUBLI_motor_control/Src/mc_interface.c:948:16:MCI_GetImposedMotorDirection	0	static
C:/Users/dozav/Documents/GitHub/CUBLI_B-G431B-ESC1/CUBLI_motor_control/Src/mc_interface.c:1016:16:MCI_GetLastRampFinalSpeed	0	static
C:/Users/dozav/Documents/GitHub/CUBLI_B-G431B-ESC1/CUBLI_motor_control/Src/mc_interface.c:1042:16:MCI_GetLastRampFinalTorque	0	static
C:/Users/dozav/Documents/GitHub/CUBLI_B-G431B-ESC1/CUBLI_motor_control/Src/mc_interface.c:1068:16:MCI_GetLastRampFinalTorque_F	0	static
C:/Users/dozav/Documents/GitHub/CUBLI_B-G431B-ESC1/CUBLI_motor_control/Src/mc_interface.c:1093:17:MCI_GetLastRampFinalDuration	0	static
C:/Users/dozav/Documents/GitHub/CUBLI_B-G431B-ESC1/CUBLI_motor_control/Src/mc_interface.c:1117:16:MCI_GetLastRampFinalSpeed_F	0	static
C:/Users/dozav/Documents/GitHub/CUBLI_B-G431B-ESC1/CUBLI_motor_control/Src/mc_interface.c:1137:13:MCI_RampCompleted	8	static
C:/Users/dozav/Documents/GitHub/CUBLI_B-G431B-ESC1/CUBLI_motor_control/Src/mc_interface.c:1170:13:MCI_StopSpeedRamp	0	static
C:/Users/dozav/Documents/GitHub/CUBLI_B-G431B-ESC1/CUBLI_motor_control/Src/mc_interface.c:1183:13:MCI_StopRamp	0	static
C:/Users/dozav/Documents/GitHub/CUBLI_B-G431B-ESC1/CUBLI_motor_control/Src/mc_interface.c:1207:13:MCI_GetSpdSensorReliability	0	static
C:/Users/dozav/Documents/GitHub/CUBLI_B-G431B-ESC1/CUBLI_motor_control/Src/mc_interface.c:1233:16:MCI_GetAvrgMecSpeedUnit	0	static
C:/Users/dozav/Documents/GitHub/CUBLI_B-G431B-ESC1/CUBLI_motor_control/Src/mc_interface.c:1257:16:MCI_GetAvrgMecSpeed_F	8	static
C:/Users/dozav/Documents/GitHub/CUBLI_B-G431B-ESC1/CUBLI_motor_control/Src/mc_interface.c:1282:16:MCI_GetMecSpeedRefUnit	0	static
C:/Users/dozav/Documents/GitHub/CUBLI_B-G431B-ESC1/CUBLI_motor_control/Src/mc_interface.c:1297:16:MCI_GetMecSpeedRef_F	8	static
C:/Users/dozav/Documents/GitHub/CUBLI_B-G431B-ESC1/CUBLI_motor_control/Src/mc_interface.c:1312:13:MCI_GetIab	8	static
C:/Users/dozav/Documents/GitHub/CUBLI_B-G431B-ESC1/CUBLI_motor_control/Src/mc_interface.c:1332:15:MCI_GetIab_F	16	static
C:/Users/dozav/Documents/GitHub/CUBLI_B-G431B-ESC1/CUBLI_motor_control/Src/mc_interface.c:1359:20:MCI_GetIalphabeta	8	static
C:/Users/dozav/Documents/GitHub/CUBLI_B-G431B-ESC1/CUBLI_motor_control/Src/mc_interface.c:1384:13:MCI_GetIqd	8	static
C:/Users/dozav/Documents/GitHub/CUBLI_B-G431B-ESC1/CUBLI_motor_control/Src/mc_interface.c:1409:15:MCI_GetIqd_F	16	static
C:/Users/dozav/Documents/GitHub/CUBLI_B-G431B-ESC1/CUBLI_motor_control/Src/mc_interface.c:1434:13:MCI_GetIqdref	8	static
C:/Users/dozav/Documents/GitHub/CUBLI_B-G431B-ESC1/CUBLI_motor_control/Src/mc_interface.c:1459:15:MCI_GetIqdref_F	16	static
C:/Users/dozav/Documents/GitHub/CUBLI_B-G431B-ESC1/CUBLI_motor_control/Src/mc_interface.c:1484:13:MCI_GetVqd	8	static
C:/Users/dozav/Documents/GitHub/CUBLI_B-G431B-ESC1/CUBLI_motor_control/Src/mc_interface.c:1509:20:MCI_GetValphabeta	8	static
C:/Users/dozav/Documents/GitHub/CUBLI_B-G431B-ESC1/CUBLI_motor_control/Src/mc_interface.c:1535:16:MCI_GetElAngledpp	0	static
C:/Users/dozav/Documents/GitHub/CUBLI_B-G431B-ESC1/CUBLI_motor_control/Src/mc_interface.c:1550:16:MCI_GetTeref	0	static
C:/Users/dozav/Documents/GitHub/CUBLI_B-G431B-ESC1/CUBLI_motor_control/Src/mc_interface.c:1564:16:MCI_GetTeref_F	0	static
C:/Users/dozav/Documents/GitHub/CUBLI_B-G431B-ESC1/CUBLI_motor_control/Src/mc_interface.c:1580:16:MCI_GetPhaseCurrentAmplitude	0	static,ignoring_inline_asm
C:/Users/dozav/Documents/GitHub/CUBLI_B-G431B-ESC1/CUBLI_motor_control/Src/mc_interface.c:1609:16:MCI_GetPhaseVoltageAmplitude	8	static
C:/Users/dozav/Documents/GitHub/CUBLI_B-G431B-ESC1/CUBLI_motor_control/Src/mc_interface.c:1646:13:MCI_Clear_Iqdref	8	static
