C:/Users/dozav/Documents/GitHub/CUBLI_B-G431B-ESC1/CUBLI_motor_control/Src/mc_tasks.c:86:13:MCboot	8	static
C:/Users/dozav/Documents/GitHub/CUBLI_B-G431B-ESC1/CUBLI_motor_control/Src/mc_tasks.c:251:13:TSK_SetChargeBootCapDelayM1	0	static
C:/Users/dozav/Documents/GitHub/CUBLI_B-G431B-ESC1/CUBLI_motor_control/Src/mc_tasks.c:262:13:TSK_ChargeBootCapDelayHasElapsedM1	0	static
C:/Users/dozav/Documents/GitHub/CUBLI_B-G431B-ESC1/CUBLI_motor_control/Src/mc_tasks.c:278:13:TSK_SetStopPermanencyTimeM1	0	static
C:/Users/dozav/Documents/GitHub/CUBLI_B-G431B-ESC1/CUBLI_motor_control/Src/mc_tasks.c:289:13:TSK_StopPermanencyTimeHasElapsedM1	0	static
C:/Users/dozav/Documents/GitHub/CUBLI_B-G431B-ESC1/CUBLI_motor_control/Src/mc_tasks.c:315:16:TSK_HighFrequencyTask	8	static
C:/Users/dozav/Documents/GitHub/CUBLI_B-G431B-ESC1/CUBLI_motor_control/Src/mc_tasks.c:370:13:TSK_SafetyTask_PWMOFF	24	static
C:/Users/dozav/Documents/GitHub/CUBLI_B-G431B-ESC1/CUBLI_motor_control/Src/mc_tasks.c:435:13:TSK_SafetyTask_LSON	24	static
C:/Users/dozav/Documents/GitHub/CUBLI_B-G431B-ESC1/CUBLI_motor_control/Src/mc_tasks.c:347:13:TSK_SafetyTask	8	static
C:/Users/dozav/Documents/GitHub/CUBLI_B-G431B-ESC1/CUBLI_motor_control/Src/mc_tasks.c:164:13:MC_RunMotorControlTasks	16	static
C:/Users/dozav/Documents/GitHub/CUBLI_B-G431B-ESC1/CUBLI_motor_control/Src/mc_tasks.c:572:13:TSK_HardwareFaultTask	8	static
C:/Users/dozav/Documents/GitHub/CUBLI_B-G431B-ESC1/CUBLI_motor_control/Src/mc_tasks.c:585:13:UI_HandleStartStopButton_cb	8	static
C:/Users/dozav/Documents/GitHub/CUBLI_B-G431B-ESC1/CUBLI_motor_control/Src/mc_tasks.c:603:13:mc_lock_pins	96	static
